// Jest Snapshot v1, https://goo.gl/fbAQLP

exports[`Calculator renders correctly 1`] = `
<div
  className="calculatorContainer dFlex"
>
  <h2
    className="fs175"
  >
    Let's do some math!
  </h2>
  <div
    id="calculator"
  >
    <span
      className="gray displayCalculator"
      title="display"
    >
      0
    </span>
    <button
      className="gray"
      onClick={[Function]}
      type="button"
      value="AC"
    >
      AC
    </button>
    <button
      className="gray"
      onClick={[Function]}
      type="button"
      value="+/-"
    >
      +/-
    </button>
    <button
      className="gray"
      onClick={[Function]}
      type="button"
      value="%"
    >
      %
    </button>
    <button
      className="orange"
      onClick={[Function]}
      type="button"
      value="รท"
    >
      รท
    </button>
    <button
      className="gray"
      onClick={[Function]}
      type="button"
      value="7"
    >
      7
    </button>
    <button
      className="gray"
      onClick={[Function]}
      type="button"
      value="8"
    >
      8
    </button>
    <button
      className="gray"
      onClick={[Function]}
      type="button"
      value="9"
    >
      9
    </button>
    <button
      className="orange"
      onClick={[Function]}
      type="button"
      value="x"
    >
      x
    </button>
    <button
      className="gray"
      onClick={[Function]}
      type="button"
      value="4"
    >
      4
    </button>
    <button
      className="gray"
      onClick={[Function]}
      type="button"
      value="5"
    >
      5
    </button>
    <button
      className="gray"
      onClick={[Function]}
      type="button"
      value="6"
    >
      6
    </button>
    <button
      className="orange"
      onClick={[Function]}
      type="button"
      value="-"
    >
      -
    </button>
    <button
      className="gray"
      onClick={[Function]}
      type="button"
      value="1"
    >
      1
    </button>
    <button
      className="gray"
      onClick={[Function]}
      type="button"
      value="2"
    >
      2
    </button>
    <button
      className="gray"
      onClick={[Function]}
      type="button"
      value="3"
    >
      3
    </button>
    <button
      className="orange"
      onClick={[Function]}
      type="button"
      value="+"
    >
      +
    </button>
    <button
      className="gray zeroButton"
      onClick={[Function]}
      type="button"
      value="0"
    >
      0
    </button>
    <button
      className="gray"
      onClick={[Function]}
      type="button"
      value="."
    >
      .
    </button>
    <button
      className="gray"
      onClick={[Function]}
      type="button"
      value="="
    >
      =
    </button>
  </div>
</div>
`;
