// Jest Snapshot v1, https://goo.gl/fbAQLP

exports[`CalcDisplay renders correctly 1`] = `<span />`;
