// Jest Snapshot v1, https://goo.gl/fbAQLP

exports[`Quote renders correctly 1`] = `
<div
  className="quoteContainer"
>
  <p
    className="fs175"
  >
    Mathematics is not about numbers, equations, computations, or algorithms : it is about understanding. -William Paul Thurston
  </p>
</div>
`;
